
     Program BANDS v.7.3.1 starts on 23Jan2026 at 12:24: 7 

     This program is part of the open-source Quantum ESPRESSO suite
     for quantum simulation of materials; please cite
         "P. Giannozzi et al., J. Phys.:Condens. Matter 21 395502 (2009);
         "P. Giannozzi et al., J. Phys.:Condens. Matter 29 465901 (2017);
         "P. Giannozzi et al., J. Chem. Phys. 152 154105 (2020);
          URL http://www.quantum-espresso.org", 
     in publications or presentations arising from this work. More details at
     http://www.quantum-espresso.org/quote

     Parallel version (MPI), running on    14 processors

     MPI processes distributed on     1 nodes
     R & G space division:  proc/nbgrp/npool/nimage =      14
     20627 MiB available memory on the printing compute node when the environment starts


     Reading xml data from directory:

     ./temp/silicon.save/
     file Si.pbesol-n-kjpaw_psl.1.0.0.UPF: wavefunction(s)  3S 3P renormalized

     IMPORTANT: XC functional enforced from input :
     Exchange-correlation= PBESOL
                           (   1   4  10   8   0   0   0)
     Any further DFT definition will be discarded
     Please, verify this is what you really want


     Parallelization info
     --------------------
     sticks:   dense  smooth     PW     G-vecs:    dense   smooth      PW
     Min          57      57     17                 1070     1070     172
     Max          58      58     18                 1073     1073     174
     Sum         805     805    241                15009    15009    2421

     Using Slab Decomposition


     Check: negative core charge=   -0.000001
     Reading collected, re-writing distributed wavefunctions
     high-symmetry point:  0.0000 0.0000 0.0000   x coordinate   0.0000
     high-symmetry point:  0.0000 0.7071 0.0000   x coordinate   0.7071
     high-symmetry point:  0.1768 0.7071 0.1768   x coordinate   0.9571
     high-symmetry point:  0.5303 0.5303 0.0000   x coordinate   0.9571
     high-symmetry point:  0.0000 0.0000 0.0000   x coordinate   1.7071
     high-symmetry point:  0.3536 0.3536 0.3536   x coordinate   2.3195
     high-symmetry point:  0.3536 0.7071 0.0000   x coordinate   2.8195
     high-symmetry point:  0.0000 0.7071 0.0000   x coordinate   3.1730

     Plottable bands (eV) written to file bands_pp.dat.gnu
     Bands written to file bands_pp.dat

 **************************************************************************

                    xk=(   0.00000,   0.00000,   0.00000  )

     point group O_h (m-3m) 
     there are 10 classes
     the character table:

       E     8C3   3C2   6C4   6C2'  i     8S6   3s_h  6S4   6s_d 
A_1g   1.00  1.00  1.00  1.00  1.00  1.00  1.00  1.00  1.00  1.00
A_2g   1.00  1.00  1.00 -1.00 -1.00  1.00  1.00  1.00 -1.00 -1.00
E_g    2.00 -1.00  2.00  0.00  0.00  2.00 -1.00  2.00  0.00  0.00
T_1g   3.00  0.00 -1.00  1.00 -1.00  3.00  0.00 -1.00  1.00 -1.00
T_2g   3.00  0.00 -1.00 -1.00  1.00  3.00  0.00 -1.00 -1.00  1.00
A_1u   1.00  1.00  1.00  1.00  1.00 -1.00 -1.00 -1.00 -1.00 -1.00
A_2u   1.00  1.00  1.00 -1.00 -1.00 -1.00 -1.00 -1.00  1.00  1.00
E_u    2.00 -1.00  2.00  0.00  0.00 -2.00  1.00 -2.00  0.00  0.00
T_1u   3.00  0.00 -1.00  1.00 -1.00 -3.00  0.00  1.00 -1.00  1.00
T_2u   3.00  0.00 -1.00 -1.00  1.00 -3.00  0.00  1.00  1.00 -1.00

     the symmetry operations in each class and the name of the first element:

     E        1
                                                                 
     8C3     17   19   20   18   24   21   22   23
                                                                 
     3C2      2    4    3
                                                                 
     6C4      7    8   15   16   12   11
                                                                 
     6C2'     5    6   14   13   10    9
                                                                 
     i       25
                                                                 
     8S6     41   43   44   42   48   45   46   47
                                                                 
     3s_h    26   28   27
                                                                 
     6S4     31   32   39   40   36   35
                                                                 
     6s_d    29   30   38   37   34   33
                                                                 

     Band symmetry, O_h (m-3m)  point group:

     e(  1 -  1) =     -5.83809  eV     1   --> A_1g G_1   G_1+
     e(  2 -  4) =      6.14410  eV     3   --> T_2g G_25' G_5+
     e(  5 -  7) =      8.66638  eV     3   --> T_1u G_15  G_4-
     e(  8 -  8) =      9.44212  eV     1   --> A_2u G_2'  G_2-

 **************************************************************************

 **************************************************************************

                    xk=(   0.00000,   0.02828,   0.00000  )

     point group C_4v (4mm) 
     there are  5 classes
     the character table:

       E     2C4   C2    2s_v  2s_d 
A_1    1.00  1.00  1.00  1.00  1.00
A_2    1.00  1.00  1.00 -1.00 -1.00
B_1    1.00 -1.00  1.00  1.00 -1.00
B_2    1.00 -1.00  1.00 -1.00  1.00
E      2.00  0.00 -2.00  0.00  0.00

     the symmetry operations in each class and the name of the first element:

     E        1
                                                                 
     2C4      3    4
                                                                 
     C2       2
                                                                 
     2s_v     5    6
                                                                 
     2s_d     7    8
                                                                 

     Band symmetry, C_4v (4mm)  point group:

     e(  1 -  1) =     -5.83106  eV     1   --> A_1  G_1 D_1   
     e(  2 -  2) =      6.09553  eV     1   --> B_2  G_4 D_2'  
     e(  3 -  4) =      6.11320  eV     2   --> E    G_5 D_5   
     e(  5 -  5) =      8.64802  eV     1   --> A_1  G_1 D_1   
     e(  6 -  7) =      8.70586  eV     2   --> E    G_5 D_5   
     e(  8 -  8) =      9.48973  eV     1   --> B_2  G_4 D_2'  

 **************************************************************************

 **************************************************************************

                    xk=(   0.00000,   0.05657,   0.00000  )

     Band symmetry, C_4v (4mm)  point group:

     e(  1 -  1) =     -5.81001  eV     1   --> A_1  G_1 D_1   
     e(  2 -  2) =      5.95788  eV     1   --> B_2  G_4 D_2'  
     e(  3 -  4) =      6.02602  eV     2   --> E    G_5 D_5   
     e(  5 -  5) =      8.59447  eV     1   --> A_1  G_1 D_1   
     e(  6 -  7) =      8.81877  eV     2   --> E    G_5 D_5   
     e(  8 -  8) =      9.62315  eV     1   --> B_2  G_4 D_2'  

 **************************************************************************

 **************************************************************************

                    xk=(   0.00000,   0.08485,   0.00000  )

     Band symmetry, C_4v (4mm)  point group:

     e(  1 -  1) =     -5.77493  eV     1   --> A_1  G_1 D_1   
     e(  2 -  2) =      5.75004  eV     1   --> B_2  G_4 D_2'  
     e(  3 -  4) =      5.89559  eV     2   --> E    G_5 D_5   
     e(  5 -  5) =      8.50980  eV     1   --> A_1  G_1 D_1   
     e(  6 -  7) =      8.99197  eV     2   --> E    G_5 D_5   
     e(  8 -  8) =      9.81904  eV     1   --> B_2  G_4 D_2'  

 **************************************************************************

 **************************************************************************

                    xk=(   0.00000,   0.11314,   0.00000  )

     Band symmetry, C_4v (4mm)  point group:

     e(  1 -  1) =     -5.72586  eV     1   --> A_1  G_1 D_1   
     e(  2 -  2) =      5.49209  eV     1   --> B_2  G_4 D_2'  
     e(  3 -  4) =      5.73619  eV     2   --> E    G_5 D_5   
     e(  5 -  5) =      8.39975  eV     1   --> A_1  G_1 D_1   
     e(  6 -  7) =      9.21106  eV     2   --> E    G_5 D_5   
     e(  8 -  8) =     10.04759  eV     1   --> B_2  G_4 D_2'  

 **************************************************************************

 **************************************************************************

                    xk=(   0.00000,   0.14142,   0.00000  )

     Band symmetry, C_4v (4mm)  point group:

     e(  1 -  1) =     -5.66285  eV     1   --> A_1  G_1 D_1   
     e(  2 -  2) =      5.20008  eV     1   --> B_2  G_4 D_2'  
     e(  3 -  4) =      5.55960  eV     2   --> E    G_5 D_5   
     e(  5 -  5) =      8.27061  eV     1   --> A_1  G_1 D_1   
     e(  6 -  7) =      9.46407  eV     2   --> E    G_5 D_5   
     e(  8 -  8) =     10.27324  eV     1   --> B_2  G_4 D_2'  

 **************************************************************************

 **************************************************************************

                    xk=(   0.00000,   0.16971,   0.00000  )

     Band symmetry, C_4v (4mm)  point group:

     e(  1 -  1) =     -5.58595  eV     1   --> A_1  G_1 D_1   
     e(  2 -  2) =      4.88529  eV     1   --> B_2  G_4 D_2'  
     e(  3 -  4) =      5.37440  eV     2   --> E    G_5 D_5   
     e(  5 -  5) =      8.12846  eV     1   --> A_1  G_1 D_1   
     e(  6 -  7) =      9.74219  eV     2   --> E    G_5 D_5   
     e(  8 -  8) =     10.44791  eV     1   --> B_2  G_4 D_2'  

 **************************************************************************

 **************************************************************************

                    xk=(   0.00000,   0.19799,   0.00000  )

     Band symmetry, C_4v (4mm)  point group:

     e(  1 -  1) =     -5.49523  eV     1   --> A_1  G_1 D_1   
     e(  2 -  2) =      4.55519  eV     1   --> B_2  G_4 D_2'  
     e(  3 -  4) =      5.18652  eV     2   --> E    G_5 D_5   
     e(  5 -  5) =      7.97868  eV     1   --> A_1  G_1 D_1   
     e(  6 -  7) =     10.03925  eV     2   --> E    G_5 D_5   
     e(  8 -  8) =     10.51055  eV     1   --> B_2  G_4 D_2'  

 **************************************************************************

 **************************************************************************

                    xk=(   0.00000,   0.22627,   0.00000  )

     Band symmetry, C_4v (4mm)  point group:

     e(  1 -  1) =     -5.39077  eV     1   --> A_1  G_1 D_1   
     e(  2 -  2) =      4.21471  eV     1   --> B_2  G_4 D_2'  
     e(  3 -  4) =      5.00005  eV     2   --> E    G_5 D_5   
     e(  5 -  5) =      7.82584  eV     1   --> A_1  G_1 D_1   
     e(  6 -  7) =     10.35088  eV     2   --> E    G_5 D_5   
     e(  8 -  8) =     10.42484  eV     1   --> B_2  G_4 D_2'  

 **************************************************************************

 **************************************************************************

                    xk=(   0.00000,   0.25456,   0.00000  )

     Band symmetry, C_4v (4mm)  point group:

     e(  1 -  1) =     -5.27267  eV     1   --> A_1  G_1 D_1   
     e(  2 -  2) =      3.86713  eV     1   --> B_2  G_4 D_2'  
     e(  3 -  4) =      4.81785  eV     2   --> E    G_5 D_5   
     e(  5 -  5) =      7.67368  eV     1   --> A_1  G_1 D_1   
     e(  6 -  6) =     10.21821  eV     1   --> B_2  G_4 D_2'  
     e(  7 -  8) =     10.67400  eV     2   --> E    G_5 D_5   

 **************************************************************************

 **************************************************************************

                    xk=(   0.00000,   0.28284,   0.00000  )

     Band symmetry, C_4v (4mm)  point group:

     e(  1 -  1) =     -5.14105  eV     1   --> A_1  G_1 D_1   
     e(  2 -  2) =      3.51466  eV     1   --> B_2  G_4 D_2'  
     e(  3 -  4) =      4.64195  eV     2   --> E    G_5 D_5   
     e(  5 -  5) =      7.52524  eV     1   --> A_1  G_1 D_1   
     e(  6 -  6) =      9.94408  eV     1   --> B_2  G_4 D_2'  
     e(  7 -  8) =     11.00632  eV     2   --> E    G_5 D_5   

 **************************************************************************

 **************************************************************************

                    xk=(   0.00000,   0.31113,   0.00000  )

     Band symmetry, C_4v (4mm)  point group:

     e(  1 -  1) =     -4.99602  eV     1   --> A_1  G_1 D_1   
     e(  2 -  2) =      3.15887  eV     1   --> B_2  G_4 D_2'  
     e(  3 -  4) =      4.47383  eV     2   --> E    G_5 D_5   
     e(  5 -  5) =      7.38298  eV     1   --> A_1  G_1 D_1   
     e(  6 -  6) =      9.64110  eV     1   --> B_2  G_4 D_2'  
     e(  7 -  8) =     11.34617  eV     2   --> E    G_5 D_5   

 **************************************************************************

 **************************************************************************

                    xk=(   0.00000,   0.33941,   0.00000  )

     Band symmetry, C_4v (4mm)  point group:

     e(  1 -  1) =     -4.83775  eV     1   --> A_1  G_1 D_1   
     e(  2 -  2) =      2.80094  eV     1   --> B_2  G_4 D_2'  
     e(  3 -  4) =      4.31458  eV     2   --> E    G_5 D_5   
     e(  5 -  5) =      7.24888  eV     1   --> A_1  G_1 D_1   
     e(  6 -  6) =      9.33086  eV     1   --> B_2  G_4 D_2'  
     e(  7 -  8) =     11.69228  eV     2   --> E    G_5 D_5   

 **************************************************************************

 **************************************************************************

                    xk=(   0.00000,   0.36770,   0.00000  )

     Band symmetry, C_4v (4mm)  point group:

     e(  1 -  1) =     -4.66639  eV     1   --> A_1  G_1 D_1   
     e(  2 -  2) =      2.44180  eV     1   --> B_2  G_4 D_2'  
     e(  3 -  4) =      4.16505  eV     2   --> E    G_5 D_5   
     e(  5 -  5) =      7.12458  eV     1   --> A_1  G_1 D_1   
     e(  6 -  6) =      9.02516  eV     1   --> B_2  G_4 D_2'  
     e(  7 -  8) =     12.04372  eV     2   --> E    G_5 D_5   

 **************************************************************************

 **************************************************************************

                    xk=(   0.00000,   0.39598,   0.00000  )

     Band symmetry, C_4v (4mm)  point group:

     e(  1 -  1) =     -4.48214  eV     1   --> A_1  G_1 D_1   
     e(  2 -  2) =      2.08228  eV     1   --> B_2  G_4 D_2'  
     e(  3 -  4) =      4.02589  eV     2   --> E    G_5 D_5   
     e(  5 -  5) =      7.01142  eV     1   --> A_1  G_1 D_1   
     e(  6 -  6) =      8.73070  eV     1   --> B_2  G_4 D_2'  
     e(  7 -  8) =     12.39979  eV     2   --> E    G_5 D_5   

 **************************************************************************

 **************************************************************************

                    xk=(   0.00000,   0.42426,   0.00000  )

     Band symmetry, C_4v (4mm)  point group:

     e(  1 -  1) =     -4.28519  eV     1   --> A_1  G_1 D_1   
     e(  2 -  2) =      1.72312  eV     1   --> B_2  G_4 D_2'  
     e(  3 -  4) =      3.89761  eV     2   --> E    G_5 D_5   
     e(  5 -  5) =      6.91053  eV     1   --> A_1  G_1 D_1   
     e(  6 -  6) =      8.45148  eV     1   --> B_2  G_4 D_2'  
     e(  7 -  8) =     12.75996  eV     2   --> E    G_5 D_5   

 **************************************************************************

 **************************************************************************

                    xk=(   0.00000,   0.45255,   0.00000  )

     Band symmetry, C_4v (4mm)  point group:

     e(  1 -  1) =     -4.07580  eV     1   --> A_1  G_1 D_1   
     e(  2 -  2) =      1.36507  eV     1   --> B_2  G_4 D_2'  
     e(  3 -  4) =      3.78062  eV     2   --> E    G_5 D_5   
     e(  5 -  5) =      6.82287  eV     1   --> A_1  G_1 D_1   
     e(  6 -  6) =      8.18996  eV     1   --> B_2  G_4 D_2'  
     e(  7 -  8) =     13.12386  eV     2   --> E    G_5 D_5   

 **************************************************************************

 **************************************************************************

                    xk=(   0.00000,   0.48083,   0.00000  )

     Band symmetry, C_4v (4mm)  point group:

     e(  1 -  1) =     -3.85420  eV     1   --> A_1  G_1 D_1   
     e(  2 -  2) =      1.00886  eV     1   --> B_2  G_4 D_2'  
     e(  3 -  4) =      3.67524  eV     2   --> E    G_5 D_5   
     e(  5 -  5) =      6.74927  eV     1   --> A_1  G_1 D_1   
     e(  6 -  6) =      7.94762  eV     1   --> B_2  G_4 D_2'  
     e(  7 -  8) =     13.49119  eV     2   --> E    G_5 D_5   

 **************************************************************************

 **************************************************************************

                    xk=(   0.00000,   0.50912,   0.00000  )

     Band symmetry, C_4v (4mm)  point group:

     e(  1 -  1) =     -3.62070  eV     1   --> A_1  G_1 D_1   
     e(  2 -  2) =      0.65526  eV     1   --> B_2  G_4 D_2'  
     e(  3 -  4) =      3.58174  eV     2   --> E    G_5 D_5   
     e(  5 -  5) =      6.69048  eV     1   --> A_1  G_1 D_1   
     e(  6 -  6) =      7.72537  eV     1   --> B_2  G_4 D_2'  
     e(  7 -  8) =     13.86165  eV     2   --> E    G_5 D_5   

 **************************************************************************

 **************************************************************************

                    xk=(   0.00000,   0.53740,   0.00000  )

     Band symmetry, C_4v (4mm)  point group:

     e(  1 -  1) =     -3.37560  eV     1   --> A_1  G_1 D_1   
     e(  2 -  2) =      0.30502  eV     1   --> B_2  G_4 D_2'  
     e(  3 -  4) =      3.50033  eV     2   --> E    G_5 D_5   
     e(  5 -  5) =      6.64715  eV     1   --> A_1  G_1 D_1   
     e(  6 -  6) =      7.52365  eV     1   --> B_2  G_4 D_2'  
     e(  7 -  8) =     14.23481  eV     2   --> E    G_5 D_5   

 **************************************************************************

 **************************************************************************

                    xk=(   0.00000,   0.56569,   0.00000  )

     Band symmetry, C_4v (4mm)  point group:

     e(  1 -  1) =     -3.11925  eV     1   --> A_1  G_1 D_1   
     e(  2 -  2) =     -0.04109  eV     1   --> B_2  G_4 D_2'  
     e(  3 -  4) =      3.43118  eV     2   --> E    G_5 D_5   
     e(  5 -  5) =      6.61989  eV     1   --> A_1  G_1 D_1   
     e(  6 -  6) =      7.34266  eV     1   --> B_2  G_4 D_2'  
     e(  7 -  8) =     14.60998  eV     2   --> E    G_5 D_5   

 **************************************************************************

 **************************************************************************

                    xk=(   0.00000,   0.59397,   0.00000  )

     Band symmetry, C_4v (4mm)  point group:

     e(  1 -  1) =     -2.85205  eV     1   --> A_1  G_1 D_1   
     e(  2 -  2) =     -0.38231  eV     1   --> B_2  G_4 D_2'  
     e(  3 -  4) =      3.37443  eV     2   --> E    G_5 D_5   
     e(  5 -  5) =      6.60926  eV     1   --> A_1  G_1 D_1   
     e(  6 -  6) =      7.18237  eV     1   --> B_2  G_4 D_2'  
     e(  7 -  8) =     14.98566  eV     2   --> E    G_5 D_5   

 **************************************************************************

 **************************************************************************

                    xk=(   0.00000,   0.62225,   0.00000  )

     Band symmetry, C_4v (4mm)  point group:

     e(  1 -  1) =     -2.57440  eV     1   --> A_1  G_1 D_1   
     e(  2 -  2) =     -0.71788  eV     1   --> B_2  G_4 D_2'  
     e(  3 -  4) =      3.33019  eV     2   --> E    G_5 D_5   
     e(  5 -  5) =      6.61579  eV     1   --> A_1  G_1 D_1   
     e(  6 -  6) =      7.04260  eV     1   --> B_2  G_4 D_2'  
     e(  7 -  8) =     15.35846  eV     2   --> E    G_5 D_5   

 **************************************************************************

 **************************************************************************

                    xk=(   0.00000,   0.65054,   0.00000  )

     Band symmetry, C_4v (4mm)  point group:

     e(  1 -  1) =     -2.28678  eV     1   --> A_1  G_1 D_1   
     e(  2 -  2) =     -1.04708  eV     1   --> B_2  G_4 D_2'  
     e(  3 -  4) =      3.29854  eV     2   --> E    G_5 D_5   
     e(  5 -  5) =      6.64000  eV     1   --> A_1  G_1 D_1   
     e(  6 -  6) =      6.92308  eV     1   --> B_2  G_4 D_2'  
     e(  7 -  8) =     15.71925  eV     2   --> E    G_5 D_5   

 **************************************************************************

 **************************************************************************

                    xk=(   0.00000,   0.67882,   0.00000  )

     Band symmetry, C_4v (4mm)  point group:

     e(  1 -  1) =     -1.98967  eV     1   --> A_1  G_1 D_1   
     e(  2 -  2) =     -1.36922  eV     1   --> B_2  G_4 D_2'  
     e(  3 -  4) =      3.27952  eV     2   --> E    G_5 D_5   
     e(  5 -  5) =      6.68237  eV     1   --> A_1  G_1 D_1   
     e(  6 -  6) =      6.82347  eV     1   --> B_2  G_4 D_2'  
     e(  7 -  8) =     16.03703  eV     2   --> E    G_5 D_5   

 **************************************************************************

 **************************************************************************

                    xk=(   0.00000,   0.70711,   0.00000  )

     zone border point and non-symmorphic group 
     symmetry decomposition not available

 **************************************************************************

 **************************************************************************

                    xk=(   0.01179,   0.70711,   0.01179  )

     zone border point and non-symmorphic group 
     symmetry decomposition not available

 **************************************************************************

 **************************************************************************

                    xk=(   0.02357,   0.70711,   0.02357  )

     zone border point and non-symmorphic group 
     symmetry decomposition not available

 **************************************************************************

 **************************************************************************

                    xk=(   0.03536,   0.70711,   0.03536  )

     zone border point and non-symmorphic group 
     symmetry decomposition not available

 **************************************************************************

 **************************************************************************

                    xk=(   0.04714,   0.70711,   0.04714  )

     zone border point and non-symmorphic group 
     symmetry decomposition not available

 **************************************************************************

 **************************************************************************

                    xk=(   0.05893,   0.70711,   0.05893  )

     zone border point and non-symmorphic group 
     symmetry decomposition not available

 **************************************************************************

 **************************************************************************

                    xk=(   0.07071,   0.70711,   0.07071  )

     zone border point and non-symmorphic group 
     symmetry decomposition not available

 **************************************************************************

 **************************************************************************

                    xk=(   0.08250,   0.70711,   0.08250  )

     zone border point and non-symmorphic group 
     symmetry decomposition not available

 **************************************************************************

 **************************************************************************

                    xk=(   0.09428,   0.70711,   0.09428  )

     zone border point and non-symmorphic group 
     symmetry decomposition not available

 **************************************************************************

 **************************************************************************

                    xk=(   0.10607,   0.70711,   0.10607  )

     zone border point and non-symmorphic group 
     symmetry decomposition not available

 **************************************************************************

 **************************************************************************

                    xk=(   0.11785,   0.70711,   0.11785  )

     zone border point and non-symmorphic group 
     symmetry decomposition not available

 **************************************************************************

 **************************************************************************

                    xk=(   0.12964,   0.70711,   0.12964  )

     zone border point and non-symmorphic group 
     symmetry decomposition not available

 **************************************************************************

 **************************************************************************

                    xk=(   0.14142,   0.70711,   0.14142  )

     zone border point and non-symmorphic group 
     symmetry decomposition not available

 **************************************************************************

 **************************************************************************

                    xk=(   0.15321,   0.70711,   0.15321  )

     zone border point and non-symmorphic group 
     symmetry decomposition not available

 **************************************************************************

 **************************************************************************

                    xk=(   0.16499,   0.70711,   0.16499  )

     zone border point and non-symmorphic group 
     symmetry decomposition not available

 **************************************************************************

 **************************************************************************

                    xk=(   0.17678,   0.70711,   0.17678  )

     zone border point and non-symmorphic group 
     symmetry decomposition not available

 **************************************************************************

 **************************************************************************

                    xk=(   0.53033,   0.53033,   0.00000  )

     Band symmetry, C_2v (mm2)  point group:

     e(  1 -  1) =     -2.09167  eV     1   --> A_1  D_1  S_1  
     e(  2 -  2) =     -1.09421  eV     1   --> B_2  D_4  S_4  
     e(  3 -  3) =      1.78844  eV     1   --> A_1  D_1  S_1  
     e(  4 -  4) =      3.70296  eV     1   --> A_2  D_2  S_2  
     e(  5 -  5) =      7.24351  eV     1   --> B_2  D_4  S_4  
     e(  6 -  6) =     10.19109  eV     1   --> A_1  D_1  S_1  
     e(  7 -  7) =     13.56726  eV     1   --> B_1  D_3  S_3  
     e(  8 -  8) =     14.09027  eV     1   --> A_1  D_1  S_1  

 **************************************************************************

 **************************************************************************

                    xk=(   0.51518,   0.51518,   0.00000  )

     Band symmetry, C_2v (mm2)  point group:

     e(  1 -  1) =     -2.19421  eV     1   --> A_1  D_1  S_1  
     e(  2 -  2) =     -0.98921  eV     1   --> B_2  D_4  S_4  
     e(  3 -  3) =      1.72458  eV     1   --> A_1  D_1  S_1  
     e(  4 -  4) =      3.77703  eV     1   --> A_2  D_2  S_2  
     e(  5 -  5) =      7.32999  eV     1   --> B_2  D_4  S_4  
     e(  6 -  6) =     10.62567  eV     1   --> A_1  D_1  S_1  
     e(  7 -  7) =     13.30486  eV     1   --> B_1  D_3  S_3  
     e(  8 -  8) =     13.82338  eV     1   --> A_1  D_1  S_1  

 **************************************************************************

 **************************************************************************

                    xk=(   0.50003,   0.50003,   0.00000  )

     Band symmetry, C_2v (mm2)  point group:

     e(  1 -  1) =     -2.30989  eV     1   --> A_1  D_1  S_1  
     e(  2 -  2) =     -0.87572  eV     1   --> B_2  D_4  S_4  
     e(  3 -  3) =      1.68537  eV     1   --> A_1  D_1  S_1  
     e(  4 -  4) =      3.85616  eV     1   --> A_2  D_2  S_2  
     e(  5 -  5) =      7.42245  eV     1   --> B_2  D_4  S_4  
     e(  6 -  6) =     11.06363  eV     1   --> A_1  D_1  S_1  
     e(  7 -  7) =     13.04752  eV     1   --> B_1  D_3  S_3  
     e(  8 -  8) =     13.56943  eV     1   --> A_1  D_1  S_1  

 **************************************************************************

 **************************************************************************

                    xk=(   0.48487,   0.48487,   0.00000  )

     Band symmetry, C_2v (mm2)  point group:

     e(  1 -  1) =     -2.43753  eV     1   --> A_1  D_1  S_1  
     e(  2 -  2) =     -0.75376  eV     1   --> B_2  D_4  S_4  
     e(  3 -  3) =      1.67035  eV     1   --> A_1  D_1  S_1  
     e(  4 -  4) =      3.94009  eV     1   --> A_2  D_2  S_2  
     e(  5 -  5) =      7.52052  eV     1   --> B_2  D_4  S_4  
     e(  6 -  6) =     11.49652  eV     1   --> A_1  D_1  S_1  
     e(  7 -  7) =     12.79575  eV     1   --> B_1  D_3  S_3  
     e(  8 -  8) =     13.33584  eV     1   --> A_1  D_1  S_1  

 **************************************************************************

 **************************************************************************

                    xk=(   0.46972,   0.46972,   0.00000  )

     Band symmetry, C_2v (mm2)  point group:

     e(  1 -  1) =     -2.57556  eV     1   --> A_1  D_1  S_1  
     e(  2 -  2) =     -0.62337  eV     1   --> B_2  D_4  S_4  
     e(  3 -  3) =      1.67847  eV     1   --> A_1  D_1  S_1  
     e(  4 -  4) =      4.02850  eV     1   --> A_2  D_2  S_2  
     e(  5 -  5) =      7.62380  eV     1   --> B_2  D_4  S_4  
     e(  6 -  6) =     11.90103  eV     1   --> A_1  D_1  S_1  
     e(  7 -  7) =     12.54995  eV     1   --> B_1  D_3  S_3  
     e(  8 -  8) =     13.14480  eV     1   --> A_1  D_1  S_1  

 **************************************************************************

 **************************************************************************

                    xk=(   0.45457,   0.45457,   0.00000  )

     Band symmetry, C_2v (mm2)  point group:

     e(  1 -  1) =     -2.72216  eV     1   --> A_1  D_1  S_1  
     e(  2 -  2) =     -0.48460  eV     1   --> B_2  D_4  S_4  
     e(  3 -  3) =      1.70829  eV     1   --> A_1  D_1  S_1  
     e(  4 -  4) =      4.12102  eV     1   --> A_2  D_2  S_2  
     e(  5 -  5) =      7.73179  eV     1   --> B_2  D_4  S_4  
     e(  6 -  6) =     12.19704  eV     1   --> A_1  D_1  S_1  
     e(  7 -  7) =     12.31046  eV     1   --> B_1  D_3  S_3  
     e(  8 -  8) =     13.07514  eV     1   --> A_1  D_1  S_1  

 **************************************************************************

 **************************************************************************

                    xk=(   0.43942,   0.43942,   0.00000  )

     Band symmetry, C_2v (mm2)  point group:

     e(  1 -  1) =     -2.87541  eV     1   --> A_1  D_1  S_1  
     e(  2 -  2) =     -0.33749  eV     1   --> B_2  D_4  S_4  
     e(  3 -  3) =      1.75820  eV     1   --> A_1  D_1  S_1  
     e(  4 -  4) =      4.21727  eV     1   --> A_2  D_2  S_2  
     e(  5 -  5) =      7.84390  eV     1   --> B_2  D_4  S_4  
     e(  6 -  6) =     12.07755  eV     1   --> B_1  D_3  S_3  
     e(  7 -  7) =     12.24344  eV     1   --> A_1  D_1  S_1  
     e(  8 -  8) =     13.09722  eV     1   --> B_2  D_4  S_4  

 **************************************************************************

 **************************************************************************

                    xk=(   0.42426,   0.42426,   0.00000  )

     Band symmetry, C_2v (mm2)  point group:

     e(  1 -  1) =     -3.03344  eV     1   --> A_1  D_1  S_1  
     e(  2 -  2) =     -0.18208  eV     1   --> B_2  D_4  S_4  
     e(  3 -  3) =      1.82654  eV     1   --> A_1  D_1  S_1  
     e(  4 -  4) =      4.31680  eV     1   --> A_2  D_2  S_2  
     e(  5 -  5) =      7.95942  eV     1   --> B_2  D_4  S_4  
     e(  6 -  6) =     11.85145  eV     1   --> B_1  D_3  S_3  
     e(  7 -  7) =     12.11148  eV     1   --> A_1  D_1  S_1  
     e(  8 -  8) =     12.91724  eV     1   --> B_2  D_4  S_4  

 **************************************************************************

 **************************************************************************

                    xk=(   0.40911,   0.40911,   0.00000  )

     Band symmetry, C_2v (mm2)  point group:

     e(  1 -  1) =     -3.19449  eV     1   --> A_1  D_1  S_1  
     e(  2 -  2) =     -0.01844  eV     1   --> B_2  D_4  S_4  
     e(  3 -  3) =      1.91169  eV     1   --> A_1  D_1  S_1  
     e(  4 -  4) =      4.41912  eV     1   --> A_2  D_2  S_2  
     e(  5 -  5) =      8.07752  eV     1   --> B_2  D_4  S_4  
     e(  6 -  6) =     11.63235  eV     1   --> B_1  D_3  S_3  
     e(  7 -  7) =     11.92649  eV     1   --> A_1  D_1  S_1  
     e(  8 -  8) =     12.74575  eV     1   --> B_2  D_4  S_4  

 **************************************************************************

 **************************************************************************

                    xk=(   0.39396,   0.39396,   0.00000  )

     Band symmetry, C_2v (mm2)  point group:

     e(  1 -  1) =     -3.35699  eV     1   --> A_1  D_1  S_1  
     e(  2 -  2) =      0.15338  eV     1   --> B_2  D_4  S_4  
     e(  3 -  3) =      2.01216  eV     1   --> A_1  D_1  S_1  
     e(  4 -  4) =      4.52368  eV     1   --> A_2  D_2  S_2  
     e(  5 -  5) =      8.19720  eV     1   --> B_2  D_4  S_4  
     e(  6 -  6) =     11.42042  eV     1   --> B_1  D_3  S_3  
     e(  7 -  7) =     11.72851  eV     1   --> A_1  D_1  S_1  
     e(  8 -  8) =     12.58374  eV     1   --> B_2  D_4  S_4  

 **************************************************************************

 **************************************************************************

                    xk=(   0.37881,   0.37881,   0.00000  )

     Band symmetry, C_2v (mm2)  point group:

     e(  1 -  1) =     -3.51954  eV     1   --> A_1  D_1  S_1  
     e(  2 -  2) =      0.33330  eV     1   --> B_2  D_4  S_4  
     e(  3 -  3) =      2.12657  eV     1   --> A_1  D_1  S_1  
     e(  4 -  4) =      4.62990  eV     1   --> A_2  D_2  S_2  
     e(  5 -  5) =      8.31727  eV     1   --> B_2  D_4  S_4  
     e(  6 -  6) =     11.21579  eV     1   --> B_1  D_3  S_3  
     e(  7 -  7) =     11.52930  eV     1   --> A_1  D_1  S_1  
     e(  8 -  8) =     12.43226  eV     1   --> B_2  D_4  S_4  

 **************************************************************************

 **************************************************************************

                    xk=(   0.36365,   0.36365,   0.00000  )

     Band symmetry, C_2v (mm2)  point group:

     e(  1 -  1) =     -3.68092  eV     1   --> A_1  D_1  S_1  
     e(  2 -  2) =      0.52126  eV     1   --> B_2  D_4  S_4  
     e(  3 -  3) =      2.25370  eV     1   --> A_1  D_1  S_1  
     e(  4 -  4) =      4.73712  eV     1   --> A_2  D_2  S_2  
     e(  5 -  5) =      8.43629  eV     1   --> B_2  D_4  S_4  
     e(  6 -  6) =     11.01858  eV     1   --> B_1  D_3  S_3  
     e(  7 -  7) =     11.33322  eV     1   --> A_1  D_1  S_1  
     e(  8 -  8) =     12.29246  eV     1   --> B_2  D_4  S_4  

 **************************************************************************

 **************************************************************************

                    xk=(   0.34850,   0.34850,   0.00000  )

     Band symmetry, C_2v (mm2)  point group:

     e(  1 -  1) =     -3.84010  eV     1   --> A_1  D_1  S_1  
     e(  2 -  2) =      0.71717  eV     1   --> B_2  D_4  S_4  
     e(  3 -  3) =      2.39242  eV     1   --> A_1  D_1  S_1  
     e(  4 -  4) =      4.84465  eV     1   --> A_2  D_2  S_2  
     e(  5 -  5) =      8.55262  eV     1   --> B_2  D_4  S_4  
     e(  6 -  6) =     10.82891  eV     1   --> B_1  D_3  S_3  
     e(  7 -  7) =     11.14216  eV     1   --> A_1  D_1  S_1  
     e(  8 -  8) =     12.16561  eV     1   --> B_2  D_4  S_4  

 **************************************************************************

 **************************************************************************

                    xk=(   0.33335,   0.33335,   0.00000  )

     Band symmetry, C_2v (mm2)  point group:

     e(  1 -  1) =     -3.99619  eV     1   --> A_1  D_1  S_1  
     e(  2 -  2) =      0.92093  eV     1   --> B_2  D_4  S_4  
     e(  3 -  3) =      2.54173  eV     1   --> A_1  D_1  S_1  
     e(  4 -  4) =      4.95174  eV     1   --> A_2  D_2  S_2  
     e(  5 -  5) =      8.66433  eV     1   --> B_2  D_4  S_4  
     e(  6 -  6) =     10.64686  eV     1   --> B_1  D_3  S_3  
     e(  7 -  7) =     10.95709  eV     1   --> A_1  D_1  S_1  
     e(  8 -  8) =     12.05305  eV     1   --> B_2  D_4  S_4  

 **************************************************************************

 **************************************************************************

                    xk=(   0.31820,   0.31820,   0.00000  )

     Band symmetry, C_2v (mm2)  point group:

     e(  1 -  1) =     -4.14844  eV     1   --> A_1  D_1  S_1  
     e(  2 -  2) =      1.13244  eV     1   --> B_2  D_4  S_4  
     e(  3 -  3) =      2.70069  eV     1   --> A_1  D_1  S_1  
     e(  4 -  4) =      5.05762  eV     1   --> A_2  D_2  S_2  
     e(  5 -  5) =      8.76928  eV     1   --> B_2  D_4  S_4  
     e(  6 -  6) =     10.47251  eV     1   --> B_1  D_3  S_3  
     e(  7 -  7) =     10.77852  eV     1   --> A_1  D_1  S_1  
     e(  8 -  8) =     11.95615  eV     1   --> B_2  D_4  S_4  

 **************************************************************************

 **************************************************************************

                    xk=(   0.30305,   0.30305,   0.00000  )

     Band symmetry, C_2v (mm2)  point group:

     e(  1 -  1) =     -4.29620  eV     1   --> A_1  D_1  S_1  
     e(  2 -  2) =      1.35158  eV     1   --> B_2  D_4  S_4  
     e(  3 -  3) =      2.86843  eV     1   --> A_1  D_1  S_1  
     e(  4 -  4) =      5.16149  eV     1   --> A_2  D_2  S_2  
     e(  5 -  5) =      8.86519  eV     1   --> B_2  D_4  S_4  
     e(  6 -  6) =     10.30594  eV     1   --> B_1  D_3  S_3  
     e(  7 -  7) =     10.60675  eV     1   --> A_1  D_1  S_1  
     e(  8 -  8) =     11.87613  eV     1   --> B_2  D_4  S_4  

 **************************************************************************

 **************************************************************************

                    xk=(   0.28789,   0.28789,   0.00000  )

     Band symmetry, C_2v (mm2)  point group:

     e(  1 -  1) =     -4.43893  eV     1   --> A_1  D_1  S_1  
     e(  2 -  2) =      1.57820  eV     1   --> B_2  D_4  S_4  
     e(  3 -  3) =      3.04410  eV     1   --> A_1  D_1  S_1  
     e(  4 -  4) =      5.26254  eV     1   --> A_2  D_2  S_2  
     e(  5 -  5) =      8.94980  eV     1   --> B_2  D_4  S_4  
     e(  6 -  6) =     10.14720  eV     1   --> B_1  D_3  S_3  
     e(  7 -  7) =     10.44194  eV     1   --> A_1  D_1  S_1  
     e(  8 -  8) =     11.81382  eV     1   --> B_2  D_4  S_4  

 **************************************************************************

 **************************************************************************

                    xk=(   0.27274,   0.27274,   0.00000  )

     Band symmetry, C_2v (mm2)  point group:

     e(  1 -  1) =     -4.57616  eV     1   --> A_1  D_1  S_1  
     e(  2 -  2) =      1.81213  eV     1   --> B_2  D_4  S_4  
     e(  3 -  3) =      3.22688  eV     1   --> A_1  D_1  S_1  
     e(  4 -  4) =      5.35997  eV     1   --> A_2  D_2  S_2  
     e(  5 -  5) =      9.02109  eV     1   --> B_2  D_4  S_4  
     e(  6 -  6) =      9.99635  eV     1   --> B_1  D_3  S_3  
     e(  7 -  7) =     10.28414  eV     1   --> A_1  D_1  S_1  
     e(  8 -  8) =     11.76931  eV     1   --> B_2  D_4  S_4  

 **************************************************************************

 **************************************************************************

                    xk=(   0.25759,   0.25759,   0.00000  )

     Band symmetry, C_2v (mm2)  point group:

     e(  1 -  1) =     -4.70750  eV     1   --> A_1  D_1  S_1  
     e(  2 -  2) =      2.05320  eV     1   --> B_2  D_4  S_4  
     e(  3 -  3) =      3.41592  eV     1   --> A_1  D_1  S_1  
     e(  4 -  4) =      5.45304  eV     1   --> A_2  D_2  S_2  
     e(  5 -  5) =      9.07758  eV     1   --> B_2  D_4  S_4  
     e(  6 -  6) =      9.85344  eV     1   --> B_1  D_3  S_3  
     e(  7 -  7) =     10.13338  eV     1   --> A_1  D_1  S_1  
     e(  8 -  8) =     11.74140  eV     1   --> B_2  D_4  S_4  

 **************************************************************************

 **************************************************************************

                    xk=(   0.24244,   0.24244,   0.00000  )

     Band symmetry, C_2v (mm2)  point group:

     e(  1 -  1) =     -4.83260  eV     1   --> A_1  D_1  S_1  
     e(  2 -  2) =      2.30116  eV     1   --> B_2  D_4  S_4  
     e(  3 -  3) =      3.61037  eV     1   --> A_1  D_1  S_1  
     e(  4 -  4) =      5.54105  eV     1   --> A_2  D_2  S_2  
     e(  5 -  5) =      9.11859  eV     1   --> B_2  D_4  S_4  
     e(  6 -  6) =      9.71851  eV     1   --> B_1  D_3  S_3  
     e(  7 -  7) =      9.98965  eV     1   --> A_1  D_1  S_1  
     e(  8 -  8) =     11.72708  eV     1   --> B_2  D_4  S_4  

 **************************************************************************

 **************************************************************************

                    xk=(   0.22728,   0.22728,   0.00000  )

     Band symmetry, C_2v (mm2)  point group:

     e(  1 -  1) =     -4.95119  eV     1   --> A_1  D_1  S_1  
     e(  2 -  2) =      2.55575  eV     1   --> B_2  D_4  S_4  
     e(  3 -  3) =      3.80930  eV     1   --> A_1  D_1  S_1  
     e(  4 -  4) =      5.62341  eV     1   --> A_2  D_2  S_2  
     e(  5 -  5) =      9.14438  eV     1   --> B_2  D_4  S_4  
     e(  6 -  6) =      9.59160  eV     1   --> B_1  D_3  S_3  
     e(  7 -  7) =      9.85286  eV     1   --> A_1  D_1  S_1  
     e(  8 -  8) =     11.72083  eV     1   --> B_2  D_4  S_4  

 **************************************************************************

 **************************************************************************

                    xk=(   0.21213,   0.21213,   0.00000  )

     Band symmetry, C_2v (mm2)  point group:

     e(  1 -  1) =     -5.06301  eV     1   --> A_1  D_1  S_1  
     e(  2 -  2) =      2.81663  eV     1   --> B_2  D_4  S_4  
     e(  3 -  3) =      4.01169  eV     1   --> A_1  D_1  S_1  
     e(  4 -  4) =      5.69965  eV     1   --> A_2  D_2  S_2  
     e(  5 -  5) =      9.15606  eV     1   --> B_2  D_4  S_4  
     e(  6 -  6) =      9.47275  eV     1   --> B_1  D_3  S_3  
     e(  7 -  7) =      9.72293  eV     1   --> A_1  D_1  S_1  
     e(  8 -  8) =     11.71412  eV     1   --> B_2  D_4  S_4  

 **************************************************************************

 **************************************************************************

                    xk=(   0.19698,   0.19698,   0.00000  )

     Band symmetry, C_2v (mm2)  point group:

     e(  1 -  1) =     -5.16784  eV     1   --> A_1  D_1  S_1  
     e(  2 -  2) =      3.08339  eV     1   --> B_2  D_4  S_4  
     e(  3 -  3) =      4.21643  eV     1   --> A_1  D_1  S_1  
     e(  4 -  4) =      5.76942  eV     1   --> A_2  D_2  S_2  
     e(  5 -  5) =      9.15544  eV     1   --> B_2  D_4  S_4  
     e(  6 -  6) =      9.36198  eV     1   --> B_1  D_3  S_3  
     e(  7 -  7) =      9.59974  eV     1   --> A_1  D_1  S_1  
     e(  8 -  8) =     11.69493  eV     1   --> B_2  D_4  S_4  

 **************************************************************************

 **************************************************************************

                    xk=(   0.18183,   0.18183,   0.00000  )

     Band symmetry, C_2v (mm2)  point group:

     e(  1 -  1) =     -5.26550  eV     1   --> A_1  D_1  S_1  
     e(  2 -  2) =      3.35549  eV     1   --> B_2  D_4  S_4  
     e(  3 -  3) =      4.42227  eV     1   --> A_1  D_1  S_1  
     e(  4 -  4) =      5.83253  eV     1   --> A_2  D_2  S_2  
     e(  5 -  5) =      9.14465  eV     1   --> B_2  D_4  S_4  
     e(  6 -  6) =      9.25932  eV     1   --> B_1  D_3  S_3  
     e(  7 -  7) =      9.48317  eV     1   --> A_1  D_1  S_1  
     e(  8 -  8) =     11.64804  eV     1   --> B_2  D_4  S_4  

 **************************************************************************

 **************************************************************************

                    xk=(   0.16668,   0.16668,   0.00000  )

     Band symmetry, C_2v (mm2)  point group:

     e(  1 -  1) =     -5.35584  eV     1   --> A_1  D_1  S_1  
     e(  2 -  2) =      3.63229  eV     1   --> B_2  D_4  S_4  
     e(  3 -  3) =      4.62775  eV     1   --> A_1  D_1  S_1  
     e(  4 -  4) =      5.88895  eV     1   --> A_2  D_2  S_2  
     e(  5 -  5) =      9.12584  eV     1   --> B_2  D_4  S_4  
     e(  6 -  6) =      9.16480  eV     1   --> B_1  D_3  S_3  
     e(  7 -  7) =      9.37308  eV     1   --> A_1  D_1  S_1  
     e(  8 -  8) =     11.55759  eV     1   --> B_2  D_4  S_4  

 **************************************************************************

 **************************************************************************

                    xk=(   0.15152,   0.15152,   0.00000  )

     Band symmetry, C_2v (mm2)  point group:

     e(  1 -  1) =     -5.43871  eV     1   --> A_1  D_1  S_1  
     e(  2 -  2) =      3.91289  eV     1   --> B_2  D_4  S_4  
     e(  3 -  3) =      4.83122  eV     1   --> A_1  D_1  S_1  
     e(  4 -  4) =      5.93874  eV     1   --> A_2  D_2  S_2  
     e(  5 -  5) =      9.07843  eV     1   --> B_1  D_3  S_3  
     e(  6 -  6) =      9.10100  eV     1   --> B_2  D_4  S_4  
     e(  7 -  7) =      9.26937  eV     1   --> A_1  D_1  S_1  
     e(  8 -  8) =     11.41270  eV     1   --> B_2  D_4  S_4  

 **************************************************************************

 **************************************************************************

                    xk=(   0.13637,   0.13637,   0.00000  )

     Band symmetry, C_2v (mm2)  point group:

     e(  1 -  1) =     -5.51401  eV     1   --> A_1  D_1  S_1  
     e(  2 -  2) =      4.19614  eV     1   --> B_2  D_4  S_4  
     e(  3 -  3) =      5.03074  eV     1   --> A_1  D_1  S_1  
     e(  4 -  4) =      5.98214  eV     1   --> A_2  D_2  S_2  
     e(  5 -  5) =      9.00024  eV     1   --> B_1  D_3  S_3  
     e(  6 -  6) =      9.07169  eV     1   --> B_2  D_4  S_4  
     e(  7 -  7) =      9.17195  eV     1   --> A_1  D_1  S_1  
     e(  8 -  8) =     11.21349  eV     1   --> B_2  D_4  S_4  

 **************************************************************************

 **************************************************************************

                    xk=(   0.12122,   0.12122,   0.00000  )

     Band symmetry, C_2v (mm2)  point group:

     e(  1 -  1) =     -5.58161  eV     1   --> A_1  D_1  S_1  
     e(  2 -  2) =      4.48044  eV     1   --> B_2  D_4  S_4  
     e(  3 -  3) =      5.22403  eV     1   --> A_1  D_1  S_1  
     e(  4 -  4) =      6.01944  eV     1   --> A_2  D_2  S_2  
     e(  5 -  5) =      8.93024  eV     1   --> B_1  D_3  S_3  
     e(  6 -  6) =      9.03900  eV     1   --> B_2  D_4  S_4  
     e(  7 -  7) =      9.08086  eV     1   --> A_1  D_1  S_1  
     e(  8 -  8) =     10.97116  eV     1   --> B_2  D_4  S_4  

 **************************************************************************

 **************************************************************************

                    xk=(   0.10607,   0.10607,   0.00000  )

     Band symmetry, C_2v (mm2)  point group:

     e(  1 -  1) =     -5.64145  eV     1   --> A_1  D_1  S_1  
     e(  2 -  2) =      4.76356  eV     1   --> B_2  D_4  S_4  
     e(  3 -  3) =      5.40844  eV     1   --> A_1  D_1  S_1  
     e(  4 -  4) =      6.05103  eV     1   --> A_2  D_2  S_2  
     e(  5 -  5) =      8.86844  eV     1   --> B_1  D_3  S_3  
     e(  6 -  6) =      8.99627  eV     1   --> A_1  D_1  S_1  
     e(  7 -  7) =      9.00333  eV     1   --> B_2  D_4  S_4  
     e(  8 -  8) =     10.70248  eV     1   --> B_2  D_4  S_4  

 **************************************************************************

 **************************************************************************

                    xk=(   0.09091,   0.09091,   0.00000  )

     Band symmetry, C_2v (mm2)  point group:

     e(  1 -  1) =     -5.69345  eV     1   --> A_1  D_1  S_1  
     e(  2 -  2) =      5.04228  eV     1   --> B_2  D_4  S_4  
     e(  3 -  3) =      5.58086  eV     1   --> A_1  D_1  S_1  
     e(  4 -  4) =      6.07730  eV     1   --> A_2  D_2  S_2  
     e(  5 -  5) =      8.81486  eV     1   --> B_1  D_3  S_3  
     e(  6 -  6) =      8.91860  eV     1   --> A_1  D_1  S_1  
     e(  7 -  7) =      8.96427  eV     1   --> B_2  D_4  S_4  
     e(  8 -  8) =     10.42482  eV     1   --> B_2  D_4  S_4  

 **************************************************************************

 **************************************************************************

                    xk=(   0.07576,   0.07576,   0.00000  )

     Band symmetry, C_2v (mm2)  point group:

     e(  1 -  1) =     -5.73755  eV     1   --> A_1  D_1  S_1  
     e(  2 -  2) =      5.31187  eV     1   --> B_2  D_4  S_4  
     e(  3 -  3) =      5.73772  eV     1   --> A_1  D_1  S_1  
     e(  4 -  4) =      6.09867  eV     1   --> A_2  D_2  S_2  
     e(  5 -  5) =      8.76951  eV     1   --> B_1  D_3  S_3  
     e(  6 -  6) =      8.84861  eV     1   --> A_1  D_1  S_1  
     e(  7 -  7) =      8.92032  eV     1   --> B_2  D_4  S_4  
     e(  8 -  8) =     10.15479  eV     1   --> B_2  D_4  S_4  

 **************************************************************************

 **************************************************************************

                    xk=(   0.06061,   0.06061,   0.00000  )

     Band symmetry, C_2v (mm2)  point group:

     e(  1 -  1) =     -5.77369  eV     1   --> A_1  D_1  S_1  
     e(  2 -  2) =      5.56527  eV     1   --> B_2  D_4  S_4  
     e(  3 -  3) =      5.87498  eV     1   --> A_1  D_1  S_1  
     e(  4 -  4) =      6.11554  eV     1   --> A_2  D_2  S_2  
     e(  5 -  5) =      8.73239  eV     1   --> B_1  D_3  S_3  
     e(  6 -  6) =      8.78747  eV     1   --> A_1  D_1  S_1  
     e(  7 -  7) =      8.86902  eV     1   --> B_2  D_4  S_4  
     e(  8 -  8) =      9.90917  eV     1   --> B_2  D_4  S_4  

 **************************************************************************

 **************************************************************************

                    xk=(   0.04546,   0.04546,   0.00000  )

     Band symmetry, C_2v (mm2)  point group:

     e(  1 -  1) =     -5.80184  eV     1   --> A_1  D_1  S_1  
     e(  2 -  2) =      5.79193  eV     1   --> B_2  D_4  S_4  
     e(  3 -  3) =      5.98831  eV     1   --> A_1  D_1  S_1  
     e(  4 -  4) =      6.12827  eV     1   --> A_2  D_2  S_2  
     e(  5 -  5) =      8.70351  eV     1   --> B_1  D_3  S_3  
     e(  6 -  6) =      8.73680  eV     1   --> A_1  D_1  S_1  
     e(  7 -  7) =      8.80860  eV     1   --> B_2  D_4  S_4  
     e(  8 -  8) =      9.70514  eV     1   --> B_2  D_4  S_4  

 **************************************************************************

 **************************************************************************

                    xk=(   0.03030,   0.03030,   0.00000  )

     Band symmetry, C_2v (mm2)  point group:

     e(  1 -  1) =     -5.82197  eV     1   --> A_1  D_1  S_1  
     e(  2 -  2) =      5.97669  eV     1   --> B_2  D_4  S_4  
     e(  3 -  3) =      6.07332  eV     1   --> A_1  D_1  S_1  
     e(  4 -  4) =      6.13714  eV     1   --> A_2  D_2  S_2  
     e(  5 -  5) =      8.68288  eV     1   --> B_1  D_3  S_3  
     e(  6 -  6) =      8.69851  eV     1   --> A_1  D_1  S_1  
     e(  7 -  7) =      8.74310  eV     1   --> B_2  D_4  S_4  
     e(  8 -  8) =      9.55699  eV     1   --> B_2  D_4  S_4  

 **************************************************************************

 **************************************************************************

                    xk=(   0.01515,   0.01515,   0.00000  )

     Band symmetry, C_2v (mm2)  point group:

     e(  1 -  1) =     -5.83406  eV     1   --> A_1  D_1  S_1  
     e(  2 -  2) =      6.10024  eV     1   --> B_2  D_4  S_4  
     e(  3 -  3) =      6.12616  eV     1   --> A_1  D_1  S_1  
     e(  4 -  4) =      6.14237  eV     1   --> A_2  D_2  S_2  
     e(  5 -  5) =      8.67050  eV     1   --> B_1  D_3  S_3  
     e(  6 -  6) =      8.67455  eV     1   --> A_1  D_1  S_1  
     e(  7 -  7) =      8.68828  eV     1   --> B_2  D_4  S_4  
     e(  8 -  8) =      9.47021  eV     1   --> B_2  D_4  S_4  

 **************************************************************************

 **************************************************************************

                    xk=(   0.00000,   0.00000,   0.00000  )

     point group O_h (m-3m) 
     there are 10 classes
     the character table:

       E     8C3   3C2   6C4   6C2'  i     8S6   3s_h  6S4   6s_d 
A_1g   1.00  1.00  1.00  1.00  1.00  1.00  1.00  1.00  1.00  1.00
A_2g   1.00  1.00  1.00 -1.00 -1.00  1.00  1.00  1.00 -1.00 -1.00
E_g    2.00 -1.00  2.00  0.00  0.00  2.00 -1.00  2.00  0.00  0.00
T_1g   3.00  0.00 -1.00  1.00 -1.00  3.00  0.00 -1.00  1.00 -1.00
T_2g   3.00  0.00 -1.00 -1.00  1.00  3.00  0.00 -1.00 -1.00  1.00
A_1u   1.00  1.00  1.00  1.00  1.00 -1.00 -1.00 -1.00 -1.00 -1.00
A_2u   1.00  1.00  1.00 -1.00 -1.00 -1.00 -1.00 -1.00  1.00  1.00
E_u    2.00 -1.00  2.00  0.00  0.00 -2.00  1.00 -2.00  0.00  0.00
T_1u   3.00  0.00 -1.00  1.00 -1.00 -3.00  0.00  1.00 -1.00  1.00
T_2u   3.00  0.00 -1.00 -1.00  1.00 -3.00  0.00  1.00  1.00 -1.00

     the symmetry operations in each class and the name of the first element:

     E        1
                                                                 
     8C3     17   19   20   18   24   21   22   23
                                                                 
     3C2      2    4    3
                                                                 
     6C4      7    8   15   16   12   11
                                                                 
     6C2'     5    6   14   13   10    9
                                                                 
     i       25
                                                                 
     8S6     41   43   44   42   48   45   46   47
                                                                 
     3s_h    26   28   27
                                                                 
     6S4     31   32   39   40   36   35
                                                                 
     6s_d    29   30   38   37   34   33
                                                                 

     Band symmetry, O_h (m-3m)  point group:

     e(  1 -  1) =     -5.83809  eV     1   --> A_1g G_1   G_1+
     e(  2 -  4) =      6.14410  eV     3   --> T_2g G_25' G_5+
     e(  5 -  7) =      8.66638  eV     3   --> T_1u G_15  G_4-
     e(  8 -  8) =      9.44212  eV     1   --> A_2u G_2'  G_2-

 **************************************************************************

 **************************************************************************

                    xk=(   0.01768,   0.01768,   0.01768  )

     point group C_3v (3m)  
     there are  3 classes
     the character table:

       E     2C3   3s_v 
A_1    1.00  1.00  1.00
A_2    1.00  1.00 -1.00
E      2.00 -1.00  0.00

     the symmetry operations in each class and the name of the first element:

     E        1
                                                                 
     2C3      2    3
                                                                 
     3s_v     4    5    6
                                                                 

     Band symmetry, C_3v (3m)   point group:

     e(  1 -  1) =     -5.82986  eV     1   --> A_1  L_1       
     e(  2 -  2) =      6.04531  eV     1   --> A_1  L_1       
     e(  3 -  4) =      6.12964  eV     2   --> E    L_3       
     e(  5 -  6) =      8.68741  eV     2   --> E    L_3       
     e(  7 -  7) =      8.69095  eV     1   --> A_1  L_1       
     e(  8 -  8) =      9.50066  eV     1   --> A_1  L_1       

 **************************************************************************

 **************************************************************************

                    xk=(   0.03536,   0.03536,   0.03536  )

     Band symmetry, C_3v (3m)   point group:

     e(  1 -  1) =     -5.80520  eV     1   --> A_1  L_1       
     e(  2 -  2) =      5.78139  eV     1   --> A_1  L_1       
     e(  3 -  4) =      6.08804  eV     2   --> E    L_3       
     e(  5 -  5) =      8.72294  eV     1   --> A_1  L_1       
     e(  6 -  7) =      8.74818  eV     2   --> E    L_3       
     e(  8 -  8) =      9.68680  eV     1   --> A_1  L_1       

 **************************************************************************

 **************************************************************************

                    xk=(   0.05303,   0.05303,   0.05303  )

     Band symmetry, C_3v (3m)   point group:

     e(  1 -  1) =     -5.76417  eV     1   --> A_1  L_1       
     e(  2 -  2) =      5.41300  eV     1   --> A_1  L_1       
     e(  3 -  4) =      6.02394  eV     2   --> E    L_3       
     e(  5 -  5) =      8.71412  eV     1   --> A_1  L_1       
     e(  6 -  7) =      8.84234  eV     2   --> E    L_3       
     e(  8 -  8) =      9.99159  eV     1   --> A_1  L_1       

 **************************************************************************

 **************************************************************************

                    xk=(   0.07071,   0.07071,   0.07071  )

     Band symmetry, C_3v (3m)   point group:

     e(  1 -  1) =     -5.70688  eV     1   --> A_1  L_1       
     e(  2 -  2) =      4.98690  eV     1   --> A_1  L_1       
     e(  3 -  4) =      5.94331  eV     2   --> E    L_3       
     e(  5 -  5) =      8.66428  eV     1   --> A_1  L_1       
     e(  6 -  7) =      8.96092  eV     2   --> E    L_3       
     e(  8 -  8) =     10.37334  eV     1   --> A_1  L_1       

 **************************************************************************

 **************************************************************************

                    xk=(   0.08839,   0.08839,   0.08839  )

     Band symmetry, C_3v (3m)   point group:

     e(  1 -  1) =     -5.63348  eV     1   --> A_1  L_1       
     e(  2 -  2) =      4.53094  eV     1   --> A_1  L_1       
     e(  3 -  4) =      5.85207  eV     2   --> E    L_3       
     e(  5 -  5) =      8.58796  eV     1   --> A_1  L_1       
     e(  6 -  7) =      9.09365  eV     2   --> E    L_3       
     e(  8 -  8) =     10.79515  eV     1   --> A_1  L_1       

 **************************************************************************

 **************************************************************************

                    xk=(   0.10607,   0.10607,   0.10607  )

     Band symmetry, C_3v (3m)   point group:

     e(  1 -  1) =     -5.54422  eV     1   --> A_1  L_1       
     e(  2 -  2) =      4.06110  eV     1   --> A_1  L_1       
     e(  3 -  4) =      5.75529  eV     2   --> E    L_3       
     e(  5 -  5) =      8.49660  eV     1   --> A_1  L_1       
     e(  6 -  7) =      9.22966  eV     2   --> E    L_3       
     e(  8 -  8) =     11.23502  eV     1   --> A_1  L_1       

 **************************************************************************

 **************************************************************************

                    xk=(   0.12374,   0.12374,   0.12374  )

     Band symmetry, C_3v (3m)   point group:

     e(  1 -  1) =     -5.43938  eV     1   --> A_1  L_1       
     e(  2 -  2) =      3.58701  eV     1   --> A_1  L_1       
     e(  3 -  4) =      5.65700  eV     2   --> E    L_3       
     e(  5 -  5) =      8.39781  eV     1   --> A_1  L_1       
     e(  6 -  7) =      9.35802  eV     2   --> E    L_3       
     e(  8 -  8) =     11.68063  eV     1   --> A_1  L_1       

 **************************************************************************

 **************************************************************************

                    xk=(   0.14142,   0.14142,   0.14142  )

     Band symmetry, C_3v (3m)   point group:

     e(  1 -  1) =     -5.31937  eV     1   --> A_1  L_1       
     e(  2 -  2) =      3.11490  eV     1   --> A_1  L_1       
     e(  3 -  4) =      5.56022  eV     2   --> E    L_3       
     e(  5 -  5) =      8.29679  eV     1   --> A_1  L_1       
     e(  6 -  7) =      9.46850  eV     2   --> E    L_3       
     e(  8 -  8) =     12.12439  eV     1   --> A_1  L_1       

 **************************************************************************

 **************************************************************************

                    xk=(   0.15910,   0.15910,   0.15910  )

     Band symmetry, C_3v (3m)   point group:

     e(  1 -  1) =     -5.18474  eV     1   --> A_1  L_1       
     e(  2 -  2) =      2.64914  eV     1   --> A_1  L_1       
     e(  3 -  4) =      5.46722  eV     2   --> E    L_3       
     e(  5 -  5) =      8.19717  eV     1   --> A_1  L_1       
     e(  6 -  7) =      9.55299  eV     2   --> E    L_3       
     e(  8 -  8) =     12.55989  eV     1   --> A_1  L_1       

 **************************************************************************

 **************************************************************************

                    xk=(   0.17678,   0.17678,   0.17678  )

     Band symmetry, C_3v (3m)   point group:

     e(  1 -  1) =     -5.03620  eV     1   --> A_1  L_1       
     e(  2 -  2) =      2.19314  eV     1   --> A_1  L_1       
     e(  3 -  4) =      5.37960  eV     2   --> E    L_3       
     e(  5 -  5) =      8.10156  eV     1   --> A_1  L_1       
     e(  6 -  7) =      9.60717  eV     2   --> E    L_3       
     e(  8 -  8) =     12.97805  eV     1   --> A_1  L_1       

 **************************************************************************

 **************************************************************************

                    xk=(   0.19445,   0.19445,   0.19445  )

     Band symmetry, C_3v (3m)   point group:

     e(  1 -  1) =     -4.87474  eV     1   --> A_1  L_1       
     e(  2 -  2) =      1.74979  eV     1   --> A_1  L_1       
     e(  3 -  4) =      5.29854  eV     2   --> E    L_3       
     e(  5 -  5) =      8.01184  eV     1   --> A_1  L_1       
     e(  6 -  7) =      9.63137  eV     2   --> E    L_3       
     e(  8 -  8) =     13.36000  eV     1   --> A_1  L_1       

 **************************************************************************

 **************************************************************************

                    xk=(   0.21213,   0.21213,   0.21213  )

     Band symmetry, C_3v (3m)   point group:

     e(  1 -  1) =     -4.70173  eV     1   --> A_1  L_1       
     e(  2 -  2) =      1.32189  eV     1   --> A_1  L_1       
     e(  3 -  4) =      5.22486  eV     2   --> E    L_3       
     e(  5 -  5) =      7.92936  eV     1   --> A_1  L_1       
     e(  6 -  7) =      9.62997  eV     2   --> E    L_3       
     e(  8 -  8) =     13.66404  eV     1   --> A_1  L_1       

 **************************************************************************

 **************************************************************************

                    xk=(   0.22981,   0.22981,   0.22981  )

     Band symmetry, C_3v (3m)   point group:

     e(  1 -  1) =     -4.51914  eV     1   --> A_1  L_1       
     e(  2 -  2) =      0.91247  eV     1   --> A_1  L_1       
     e(  3 -  4) =      5.15912  eV     2   --> E    L_3       
     e(  5 -  5) =      7.85511  eV     1   --> A_1  L_1       
     e(  6 -  7) =      9.60971  eV     2   --> E    L_3       
     e(  8 -  8) =     13.83299  eV     1   --> A_1  L_1       

 **************************************************************************

 **************************************************************************

                    xk=(   0.24749,   0.24749,   0.24749  )

     Band symmetry, C_3v (3m)   point group:

     e(  1 -  1) =     -4.32978  eV     1   --> A_1  L_1       
     e(  2 -  2) =      0.52518  eV     1   --> A_1  L_1       
     e(  3 -  4) =      5.10172  eV     2   --> E    L_3       
     e(  5 -  5) =      7.78980  eV     1   --> A_1  L_1       
     e(  6 -  7) =      9.57781  eV     2   --> E    L_3       
     e(  8 -  8) =     13.87064  eV     1   --> A_1  L_1       

 **************************************************************************

 **************************************************************************

                    xk=(   0.26517,   0.26517,   0.26517  )

     Band symmetry, C_3v (3m)   point group:

     e(  1 -  1) =     -4.13791  eV     1   --> A_1  L_1       
     e(  2 -  2) =      0.16490  eV     1   --> A_1  L_1       
     e(  3 -  4) =      5.05290  eV     2   --> E    L_3       
     e(  5 -  5) =      7.73392  eV     1   --> A_1  L_1       
     e(  6 -  7) =      9.54083  eV     2   --> E    L_3       
     e(  8 -  8) =     13.84141  eV     1   --> A_1  L_1       

 **************************************************************************

 **************************************************************************

                    xk=(   0.28284,   0.28284,   0.28284  )

     Band symmetry, C_3v (3m)   point group:

     e(  1 -  1) =     -3.94993  eV     1   --> A_1  L_1       
     e(  2 -  2) =     -0.16146  eV     1   --> A_1  L_1       
     e(  3 -  4) =      5.01284  eV     2   --> E    L_3       
     e(  5 -  5) =      7.68784  eV     1   --> A_1  L_1       
     e(  6 -  7) =      9.50411  eV     2   --> E    L_3       
     e(  8 -  8) =     13.79175  eV     1   --> A_1  L_1       

 **************************************************************************

 **************************************************************************

                    xk=(   0.30052,   0.30052,   0.30052  )

     Band symmetry, C_3v (3m)   point group:

     e(  1 -  1) =     -3.77558  eV     1   --> A_1  L_1       
     e(  2 -  2) =     -0.44379  eV     1   --> A_1  L_1       
     e(  3 -  4) =      4.98161  eV     2   --> E    L_3       
     e(  5 -  5) =      7.65179  eV     1   --> A_1  L_1       
     e(  6 -  7) =      9.47174  eV     2   --> E    L_3       
     e(  8 -  8) =     13.74273  eV     1   --> A_1  L_1       

 **************************************************************************

 **************************************************************************

                    xk=(   0.31820,   0.31820,   0.31820  )

     Band symmetry, C_3v (3m)   point group:

     e(  1 -  1) =     -3.62908  eV     1   --> A_1  L_1       
     e(  2 -  2) =     -0.66761  eV     1   --> A_1  L_1       
     e(  3 -  4) =      4.95929  eV     2   --> E    L_3       
     e(  5 -  5) =      7.62594  eV     1   --> A_1  L_1       
     e(  6 -  7) =      9.44668  eV     2   --> E    L_3       
     e(  8 -  8) =     13.70367  eV     1   --> A_1  L_1       

 **************************************************************************

 **************************************************************************

                    xk=(   0.33588,   0.33588,   0.33588  )

     Band symmetry, C_3v (3m)   point group:

     e(  1 -  1) =     -3.52888  eV     1   --> A_1  L_1       
     e(  2 -  2) =     -0.81428  eV     1   --> A_1  L_1       
     e(  3 -  4) =      4.94588  eV     2   --> E    L_3       
     e(  5 -  5) =      7.61039  eV     1   --> A_1  L_1       
     e(  6 -  7) =      9.43090  eV     2   --> E    L_3       
     e(  8 -  8) =     13.67892  eV     1   --> A_1  L_1       

 **************************************************************************

 **************************************************************************

                    xk=(   0.35355,   0.35355,   0.35355  )

     zone border point and non-symmorphic group 
     symmetry decomposition not available

 **************************************************************************

 **************************************************************************

                    xk=(   0.35355,   0.36534,   0.34177  )

     zone border point and non-symmorphic group 
     symmetry decomposition not available

 **************************************************************************

 **************************************************************************

                    xk=(   0.35355,   0.37712,   0.32998  )

     zone border point and non-symmorphic group 
     symmetry decomposition not available

 **************************************************************************

 **************************************************************************

                    xk=(   0.35355,   0.38891,   0.31820  )

     zone border point and non-symmorphic group 
     symmetry decomposition not available

 **************************************************************************

 **************************************************************************

                    xk=(   0.35355,   0.40069,   0.30641  )

     zone border point and non-symmorphic group 
     symmetry decomposition not available

 **************************************************************************

 **************************************************************************

                    xk=(   0.35355,   0.41248,   0.29463  )

     zone border point and non-symmorphic group 
     symmetry decomposition not available

 **************************************************************************

 **************************************************************************

                    xk=(   0.35355,   0.42426,   0.28284  )

     zone border point and non-symmorphic group 
     symmetry decomposition not available

 **************************************************************************

 **************************************************************************

                    xk=(   0.35355,   0.43605,   0.27106  )

     zone border point and non-symmorphic group 
     symmetry decomposition not available

 **************************************************************************

 **************************************************************************

                    xk=(   0.35355,   0.44783,   0.25927  )

     zone border point and non-symmorphic group 
     symmetry decomposition not available

 **************************************************************************

 **************************************************************************

                    xk=(   0.35355,   0.45962,   0.24749  )

     zone border point and non-symmorphic group 
     symmetry decomposition not available

 **************************************************************************

 **************************************************************************

                    xk=(   0.35355,   0.47140,   0.23570  )

     zone border point and non-symmorphic group 
     symmetry decomposition not available

 **************************************************************************

 **************************************************************************

                    xk=(   0.35355,   0.48319,   0.22392  )

     zone border point and non-symmorphic group 
     symmetry decomposition not available

 **************************************************************************

 **************************************************************************

                    xk=(   0.35355,   0.49497,   0.21213  )

     zone border point and non-symmorphic group 
     symmetry decomposition not available

 **************************************************************************

 **************************************************************************

                    xk=(   0.35355,   0.50676,   0.20035  )

     zone border point and non-symmorphic group 
     symmetry decomposition not available

 **************************************************************************

 **************************************************************************

                    xk=(   0.35355,   0.51854,   0.18856  )

     zone border point and non-symmorphic group 
     symmetry decomposition not available

 **************************************************************************

 **************************************************************************

                    xk=(   0.35355,   0.53033,   0.17678  )

     zone border point and non-symmorphic group 
     symmetry decomposition not available

 **************************************************************************

 **************************************************************************

                    xk=(   0.35355,   0.54212,   0.16499  )

     zone border point and non-symmorphic group 
     symmetry decomposition not available

 **************************************************************************

 **************************************************************************

                    xk=(   0.35355,   0.55390,   0.15321  )

     zone border point and non-symmorphic group 
     symmetry decomposition not available

 **************************************************************************

 **************************************************************************

                    xk=(   0.35355,   0.56569,   0.14142  )

     zone border point and non-symmorphic group 
     symmetry decomposition not available

 **************************************************************************

 **************************************************************************

                    xk=(   0.35355,   0.57747,   0.12964  )

     zone border point and non-symmorphic group 
     symmetry decomposition not available

 **************************************************************************

 **************************************************************************

                    xk=(   0.35355,   0.58926,   0.11785  )

     zone border point and non-symmorphic group 
     symmetry decomposition not available

 **************************************************************************

 **************************************************************************

                    xk=(   0.35355,   0.60104,   0.10607  )

     zone border point and non-symmorphic group 
     symmetry decomposition not available

 **************************************************************************

 **************************************************************************

                    xk=(   0.35355,   0.61283,   0.09428  )

     zone border point and non-symmorphic group 
     symmetry decomposition not available

 **************************************************************************

 **************************************************************************

                    xk=(   0.35355,   0.62461,   0.08250  )

     zone border point and non-symmorphic group 
     symmetry decomposition not available

 **************************************************************************

 **************************************************************************

                    xk=(   0.35355,   0.63640,   0.07071  )

     zone border point and non-symmorphic group 
     symmetry decomposition not available

 **************************************************************************

 **************************************************************************

                    xk=(   0.35355,   0.64818,   0.05893  )

     zone border point and non-symmorphic group 
     symmetry decomposition not available

 **************************************************************************

 **************************************************************************

                    xk=(   0.35355,   0.65997,   0.04714  )

     zone border point and non-symmorphic group 
     symmetry decomposition not available

 **************************************************************************

 **************************************************************************

                    xk=(   0.35355,   0.67175,   0.03536  )

     zone border point and non-symmorphic group 
     symmetry decomposition not available

 **************************************************************************

 **************************************************************************

                    xk=(   0.35355,   0.68354,   0.02357  )

     zone border point and non-symmorphic group 
     symmetry decomposition not available

 **************************************************************************

 **************************************************************************

                    xk=(   0.35355,   0.69532,   0.01179  )

     zone border point and non-symmorphic group 
     symmetry decomposition not available

 **************************************************************************

 **************************************************************************

                    xk=(   0.35355,   0.70711,   0.00000  )

     zone border point and non-symmorphic group 
     symmetry decomposition not available

 **************************************************************************

 **************************************************************************

                    xk=(   0.32998,   0.70711,   0.00000  )

     zone border point and non-symmorphic group 
     symmetry decomposition not available

 **************************************************************************

 **************************************************************************

                    xk=(   0.30641,   0.70711,  -0.00000  )

     zone border point and non-symmorphic group 
     symmetry decomposition not available

 **************************************************************************

 **************************************************************************

                    xk=(   0.28284,   0.70711,   0.00000  )

     zone border point and non-symmorphic group 
     symmetry decomposition not available

 **************************************************************************

 **************************************************************************

                    xk=(   0.25927,   0.70711,   0.00000  )

     zone border point and non-symmorphic group 
     symmetry decomposition not available

 **************************************************************************

 **************************************************************************

                    xk=(   0.23570,   0.70711,   0.00000  )

     zone border point and non-symmorphic group 
     symmetry decomposition not available

 **************************************************************************

 **************************************************************************

                    xk=(   0.21213,   0.70711,  -0.00000  )

     zone border point and non-symmorphic group 
     symmetry decomposition not available

 **************************************************************************

 **************************************************************************

                    xk=(   0.18856,   0.70711,   0.00000  )

     zone border point and non-symmorphic group 
     symmetry decomposition not available

 **************************************************************************

 **************************************************************************

                    xk=(   0.16499,   0.70711,   0.00000  )

     zone border point and non-symmorphic group 
     symmetry decomposition not available

 **************************************************************************

 **************************************************************************

                    xk=(   0.14142,   0.70711,   0.00000  )

     zone border point and non-symmorphic group 
     symmetry decomposition not available

 **************************************************************************

 **************************************************************************

                    xk=(   0.11785,   0.70711,   0.00000  )

     zone border point and non-symmorphic group 
     symmetry decomposition not available

 **************************************************************************

 **************************************************************************

                    xk=(   0.09428,   0.70711,   0.00000  )

     zone border point and non-symmorphic group 
     symmetry decomposition not available

 **************************************************************************

 **************************************************************************

                    xk=(   0.07071,   0.70711,  -0.00000  )

     zone border point and non-symmorphic group 
     symmetry decomposition not available

 **************************************************************************

 **************************************************************************

                    xk=(   0.04714,   0.70711,   0.00000  )

     zone border point and non-symmorphic group 
     symmetry decomposition not available

 **************************************************************************

 **************************************************************************

                    xk=(   0.02357,   0.70711,   0.00000  )

     zone border point and non-symmorphic group 
     symmetry decomposition not available

 **************************************************************************

 **************************************************************************

                    xk=(   0.00000,   0.70711,   0.00000  )

     zone border point and non-symmorphic group 
     symmetry decomposition not available

 **************************************************************************

     BANDS        :      1.23s CPU      1.28s WALL


   This run was terminated on:  12:24: 9  23Jan2026            

=------------------------------------------------------------------------------=
   JOB DONE.
=------------------------------------------------------------------------------=
