
     Program DOS v.7.3.1 starts on 18Jan2026 at  7:57:50 

     This program is part of the open-source Quantum ESPRESSO suite
     for quantum simulation of materials; please cite
         "P. Giannozzi et al., J. Phys.:Condens. Matter 21 395502 (2009);
         "P. Giannozzi et al., J. Phys.:Condens. Matter 29 465901 (2017);
         "P. Giannozzi et al., J. Chem. Phys. 152 154105 (2020);
          URL http://www.quantum-espresso.org", 
     in publications or presentations arising from this work. More details at
     http://www.quantum-espresso.org/quote

     Parallel version (MPI), running on    14 processors

     MPI processes distributed on     1 nodes
     R & G space division:  proc/nbgrp/npool/nimage =      14
     21203 MiB available memory on the printing compute node when the environment starts


     Reading xml data from directory:

     ./temp/silicon.save/
     file Si.pbesol-n-kjpaw_psl.1.0.0.UPF: wavefunction(s)  3S 3P renormalized

     IMPORTANT: XC functional enforced from input :
     Exchange-correlation= PBESOL
                           (   1   4  10   8   0   0   0)
     Any further DFT definition will be discarded
     Please, verify this is what you really want


     Parallelization info
     --------------------
     sticks:   dense  smooth     PW     G-vecs:    dense   smooth      PW
     Min          57      57     18                 1070     1070     195
     Max          58      58     19                 1073     1073     198
     Sum         805     805    253                15009    15009    2733

     Using Slab Decomposition


     Check: negative core charge=   -0.000001

     Tetrahedra used


     DOS          :      1.96s CPU      1.98s WALL


   This run was terminated on:   7:57:52  18Jan2026            

=------------------------------------------------------------------------------=
   JOB DONE.
=------------------------------------------------------------------------------=
